Microchip MPLAB XC8 Compiler V1.30 ()

Linker command line:

--edf=C:\Program Files (x86)\Microchip\xc8\v1.30\dat\en_msgs.txt -cs \
  -h+dist/XC8_PIC10F320/production\boitier_protection_OZ440.X.production.sym \
  --cmf=dist/XC8_PIC10F320/production\boitier_protection_OZ440.X.production.cmf \
  -z -Q10F320 -oC:\Users\Bruno\AppData\Local\Temp\s4mg.6 \
  -Mdist/XC8_PIC10F320/production/boitier_protection_OZ440.X.production.map \
  -E1 -ver=XC8 -ASTACK=044h-07dh -pstack=STACK -ACONST=00h-0FFh \
  -ACODE=00h-0FFh -ASTRCODE=00h-0FFh -AENTRY=00h-0FFh -ASTRING=00h-0FFh \
  -ABANK0=040h-07Dh -ARAM=040h-07Dh -AABS1=040h-07Fh -ACOMMON=07Eh-07Fh \
  -ASFR0=00h-03Fh -preset_vec=00h,intentry=04h,init,end_init -ppowerup=CODE \
  -pcinit=CODE -pfunctab=CODE -ACONFIG=02007h-02007h -pconfig=CONFIG \
  -DCONFIG=2 -AIDLOC=02000h-02003h -pidloc=IDLOC -DIDLOC=2 -DCODE=2 \
  -DSTRCODE=2 -DSTRING=2 -DCONST=2 -DENTRY=2 -k \
  C:\Users\Bruno\AppData\Local\Temp\s4mg.obj \
  dist/XC8_PIC10F320/production\boitier_protection_OZ440.X.production.obj 

Object code version is 3.11

Machine type is 10F320



                Name                               Link     Load   Length Selector   Space Scale
C:\Users\Bruno\AppData\Local\Temp\s4mg.obj
                end_init                              E        E        1        8       0
                reset_vec                             0        0        1        0       0
                config                             2007     2007        1     400E       0
dist/XC8_PIC10F320/production\boitier_protection_OZ440.X.production.obj
                cinit                                 F        F        2        8       0
                intentry                              4        4        A        8       0
                text3                                11       11        B        8       0
                text2                                2A       2A        1        8       0
                text1                                24       24        6        8       0
                maintext                             1C       1C        8        8       0
                cstackBANK0                          40       40        4       40       1

TOTAL           Name                               Link     Load   Length     Space
        CLASS   STACK          

        CLASS   CONST          

        CLASS   CODE           
                end_init                              E        E        1         0
                cinit                                 F        F        2         0
                intentry                              4        4        A         0
                reset_vec                             0        0        1         0
                text3                                11       11        B         0
                text2                                2A       2A        1         0
                text1                                24       24        6         0
                maintext                             1C       1C        8         0

        CLASS   STRCODE        

        CLASS   ENTRY          

        CLASS   STRING         

        CLASS   BANK0          
                cstackBANK0                          40       40        4         1

        CLASS   RAM            

        CLASS   ABS1           
                abs_s1                               7E       7E        2         1

        CLASS   COMMON         

        CLASS   SFR0           

        CLASS   CONFIG         
                config                             2007     2007        1         0

        CLASS   IDLOC          

        CLASS   EEDATA         



SEGMENTS        Name                           Load    Length   Top    Selector   Space  Class     Delta

                reset_vec                      000000  000001  000001         0       0  CODE        2
                intentry                       000004  000027  00002B         8       0  CODE        2
                cstackBANK0                    000040  000004  000044        40       1  BANK0       1
                config                         002007  000001  002008      400E       0  CONFIG      2


UNUSED ADDRESS RANGES

        Name                Unused          Largest block    Delta
        BANK0            0044-007D             3A           1
        CODE             0001-0003              3           2
                         002B-00FF             D5
        CONST            0001-0003              3           2
                         002B-00FF             D5
        ENTRY            0001-0003              3           2
                         002B-00FF             D5
        IDLOC            2000-2003              4           2
        RAM              0044-007D             3A           1
        SFR0             0000-003F             40           1
        STACK            0044-007D             3A           1
        STRCODE          0001-0003              3           2
                         002B-00FF             D5
        STRING           0001-0003              3           2
                         002B-00FF             D5

                                  Symbol Table

_ANSELA                       (abs)        0008
_ConfigureOscillator          text2        002A
_InitApp                      text1        0024
_LATAbits                     (abs)        0007
_PORTAbits                    (abs)        0005
_TRISA                        (abs)        0006
__CFG_BOREN$ON                (abs)        0000
__CFG_BORV$LO                 (abs)        0000
__CFG_CP$OFF                  (abs)        0000
__CFG_FOSC$INTOSC             (abs)        0000
__CFG_LPBOR$ON                (abs)        0000
__CFG_LVP$OFF                 (abs)        0000
__CFG_MCLRE$OFF               (abs)        0000
__CFG_PWRTE$ON                (abs)        0000
__CFG_WDTE$OFF                (abs)        0000
__CFG_WRT$OFF                 (abs)        0000
__Habs1                       abs1         0000
__Hbank0                      bank0        0000
__Hcinit                      cinit        0011
__Hclrtext                    clrtext      0000
__Hcode                       code         0000
__Hcommon                     common       0000
__Hconfig                     config       2008
__HcstackBANK0                cstackBANK0  0000
__HcstackCOMMON               cstackCOMMON 0000
__Heeprom_data                eeprom_data  0000
__Hend_init                   end_init     000F
__Hfunctab                    functab      0000
__Hidloc                      idloc        0000
__Hinit                       init         000E
__Hintentry                   intentry     000E
__Hmaintext                   maintext     0000
__Hpowerup                    powerup      0000
__Hram                        ram          0000
__Hreset_vec                  reset_vec    0001
__Hsfr0                       sfr0         0000
__Hstack                      stack        0000
__Hstrings                    strings      0000
__Htext                       text         0000
__Labs1                       abs1         0000
__Lbank0                      bank0        0000
__Lcinit                      cinit        000F
__Lclrtext                    clrtext      0000
__Lcode                       code         0000
__Lcommon                     common       0000
__Lconfig                     config       2007
__LcstackBANK0                cstackBANK0  0000
__LcstackCOMMON               cstackCOMMON 0000
__Leeprom_data                eeprom_data  0000
__Lend_init                   end_init     000E
__Lfunctab                    functab      0000
__Lidloc                      idloc        0000
__Linit                       init         000E
__Lintentry                   intentry     0004
__Lmaintext                   maintext     0000
__Lpowerup                    powerup      0000
__Lram                        ram          0000
__Lreset_vec                  reset_vec    0000
__Lsfr0                       sfr0         0000
__Lstack                      stack        0000
__Lstrings                    strings      0000
__Ltext                       text         0000
__S0                          (abs)        2008
__S1                          (abs)        0044
__S2                          (abs)        0000
___int_sp                     stack        0000
___latbits                    (abs)        0000
___sp                         stack        0000
__end_of_ConfigureOscillator  text2        002B
__end_of_InitApp              text1        002A
__end_of__initialization      cinit        000F
__end_of_isr                  text3        001C
__end_of_main                 maintext     0024
__initialization              cinit        000F
__pcstackBANK0                cstackBANK0  0040
__pcstackCOMMON               cstackCOMMON 0000
__pintentry                   intentry     0004
__pmaintext                   maintext     001C
__ptext0                      text0        0000
__ptext1                      text1        0024
__ptext2                      text2        002A
__ptext3                      text3        0011
__size_of_ConfigureOscillator (abs)        0000
__size_of_InitApp             (abs)        0000
__size_of_isr                 (abs)        0000
__size_of_main                (abs)        0000
_isr                          text3        0011
_main                         maintext     001C
btemp                         (abs)        007E
end_of_initialization         cinit        000F
interrupt_function            intentry     0004
intlevel0                     functab      0000
intlevel1                     functab      0000
intlevel2                     functab      0000
intlevel3                     functab      0000
intlevel4                     functab      0000
intlevel5                     functab      0000
ltemp                         (abs)        007E
ltemp0                        (abs)        007E
ltemp1                        (abs)        0082
ltemp2                        (abs)        0086
ltemp3                        (abs)        0080
reset_vec                     reset_vec    0000
saved_w                       (abs)        007E
stackhi                       (abs)        0000
stacklo                       (abs)        0000
start                         init         000E
start_initialization          cinit        000F
ttemp                         (abs)        007E
ttemp0                        (abs)        007E
ttemp1                        (abs)        0081
ttemp2                        (abs)        0084
ttemp3                        (abs)        0087
ttemp4                        (abs)        007F
wtemp                         (abs)        007E
wtemp0                        (abs)        007E
wtemp1                        (abs)        0080
wtemp2                        (abs)        0082
wtemp3                        (abs)        0084
wtemp4                        (abs)        0086
wtemp5                        (abs)        0088
wtemp6                        (abs)        007F


FUNCTION INFORMATION:

 *************** function _main *****************
 Defined at:
		line 27 in file "main.c"
 Parameters:    Size  Location     Type
		None
 Auto vars:     Size  Location     Type
		None
 Return value:  Size  Location     Type
		None               void
 Registers used:
		wreg, status,2, status,0, pclath, cstack
 Tracked objects:
		On entry : 
		On exit  : 
		Unchanged: 
 Data sizes:     COMMON   BANK0
      Params:         0       0
      Locals:         0       0
      Temps:          0       0
      Totals:         0       0
Total ram usage:        0 bytes
 Hardware stack levels required when called:    2
 This function calls:
		_ConfigureOscillator
		_InitApp
 This function is called by:
		Startup code after reset
 This function uses a non-reentrant model


 *************** function _InitApp *****************
 Defined at:
		line 22 in file "user.c"
 Parameters:    Size  Location     Type
		None
 Auto vars:     Size  Location     Type
		None
 Return value:  Size  Location     Type
		None               void
 Registers used:
		wreg, status,2
 Tracked objects:
		On entry : 
		On exit  : 
		Unchanged: 
 Data sizes:     COMMON   BANK0
      Params:         0       0
      Locals:         0       0
      Temps:          0       0
      Totals:         0       0
Total ram usage:        0 bytes
 Hardware stack levels used:    1
 Hardware stack levels required when called:    1
 This function calls:
		Nothing
 This function is called by:
		_main
 This function uses a non-reentrant model


 *************** function _ConfigureOscillator *****************
 Defined at:
		line 18 in file "system.c"
 Parameters:    Size  Location     Type
		None
 Auto vars:     Size  Location     Type
		None
 Return value:  Size  Location     Type
		None               void
 Registers used:
		None
 Tracked objects:
		On entry : 
		On exit  : 
		Unchanged: 
 Data sizes:     COMMON   BANK0
      Params:         0       0
      Locals:         0       0
      Temps:          0       0
      Totals:         0       0
Total ram usage:        0 bytes
 Hardware stack levels used:    1
 Hardware stack levels required when called:    1
 This function calls:
		Nothing
 This function is called by:
		_main
 This function uses a non-reentrant model


 *************** function _isr *****************
 Defined at:
		line 24 in file "interrupts.c"
 Parameters:    Size  Location     Type
		None
 Auto vars:     Size  Location     Type
		None
 Return value:  Size  Location     Type
		None               void
 Registers used:
		None
 Tracked objects:
		On entry : 
		On exit  : 
		Unchanged: 
 Data sizes:     COMMON   BANK0
      Params:         0       0
      Locals:         0       0
      Temps:          0       4
      Totals:         0       4
Total ram usage:        4 bytes
 Hardware stack levels used:    1
 This function calls:
		Nothing
 This function is called by:
		Interrupt level 1
 This function uses a non-reentrant model



MODULE INFORMATION

Module		Function		Class		Link	Load	Size
shared
		__initializatio		CODE           	000F	0000	0

shared estimated size: 0

main.c
		_main          		CODE           	001C	0000	8

main.c estimated size: 8

system.c
		_ConfigureOscil		CODE           	002A	0000	1

system.c estimated size: 1

interrupts.c
		_isr           		CODE           	0011	0000	11

interrupts.c estimated size: 11

user.c
		_InitApp       		CODE           	0024	0000	6

user.c estimated size: 6

